../Drivers/STM32WBxx_HAL_Driver/Inc/stm32wbxx_ll_bus.h:1274:22:LL_APB2_GRP1_EnableClock	24	static
../Drivers/GirgitWare/Includes/girgitware_link_tables.h:37:23:GET_SPI_INDEX	16	static
../Drivers/GirgitWare/Source/girgitware_spi.c:29:12:SPI_Init	40	static
../Drivers/GirgitWare/Source/girgitware_spi.c:159:12:SPI_DeInit	24	static
../Drivers/GirgitWare/Source/girgitware_spi.c:182:12:SPI_Transmit	40	static
../Drivers/GirgitWare/Source/girgitware_spi.c:213:12:SPI_Receive	40	static
../Drivers/GirgitWare/Source/girgitware_spi.c:244:12:SPI_TransmitReceive	48	static
../Drivers/GirgitWare/Source/girgitware_spi.c:275:12:SPI_Transmit_IT	40	static
../Drivers/GirgitWare/Source/girgitware_spi.c:306:12:SPI_Receive_IT	40	static
../Drivers/GirgitWare/Source/girgitware_spi.c:337:12:SPI_TransmitReceive_IT	40	static
../Drivers/GirgitWare/Source/girgitware_spi.c:368:12:SPI_Abort	32	static
../Drivers/GirgitWare/Source/girgitware_spi.c:399:12:SPI_Abort_IT	32	static
../Drivers/GirgitWare/Source/girgitware_spi.c:432:6:SPI1_IRQHandler	8	static
../Drivers/GirgitWare/Source/girgitware_spi.c:462:6:GW_SPI_IRQHandler	24	static
../Drivers/GirgitWare/Source/girgitware_spi.c:482:6:HAL_SPI_TxCpltCallback	24	static
../Drivers/GirgitWare/Source/girgitware_spi.c:493:6:HAL_SPI_TxRxCpltCallback	24	static
../Drivers/GirgitWare/Source/girgitware_spi.c:504:6:HAL_SPI_RxCpltCallback	24	static
../Drivers/GirgitWare/Source/girgitware_spi.c:515:6:HAL_SPI_TxHalfCpltCallback	24	static
../Drivers/GirgitWare/Source/girgitware_spi.c:526:6:HAL_SPI_RxHalfCpltCallback	24	static
../Drivers/GirgitWare/Source/girgitware_spi.c:537:6:HAL_SPI_TxRxHalfCpltCallback	24	static
../Drivers/GirgitWare/Source/girgitware_spi.c:548:6:HAL_SPI_ErrorCallback	24	static
../Drivers/GirgitWare/Source/girgitware_spi.c:559:6:HAL_SPI_AbortCpltCallback	24	static
