../Drivers/STM32WBxx_HAL_Driver/Inc/stm32wbxx_ll_bus.h:432:22:LL_AHB1_GRP1_ForceReset	16	static
../Drivers/STM32WBxx_HAL_Driver/Inc/stm32wbxx_ll_bus.h:454:22:LL_AHB1_GRP1_ReleaseReset	16	static
../Drivers/STM32WBxx_HAL_Driver/Inc/stm32wbxx_ll_bus.h:625:22:LL_AHB2_GRP1_ForceReset	16	static
../Drivers/STM32WBxx_HAL_Driver/Inc/stm32wbxx_ll_bus.h:653:22:LL_AHB2_GRP1_ReleaseReset	16	static
../Drivers/STM32WBxx_HAL_Driver/Inc/stm32wbxx_ll_bus.h:824:22:LL_AHB3_GRP1_ForceReset	16	static
../Drivers/STM32WBxx_HAL_Driver/Inc/stm32wbxx_ll_bus.h:850:22:LL_AHB3_GRP1_ReleaseReset	16	static
../Drivers/STM32WBxx_HAL_Driver/Inc/stm32wbxx_ll_bus.h:1081:22:LL_APB1_GRP1_ForceReset	16	static
../Drivers/STM32WBxx_HAL_Driver/Inc/stm32wbxx_ll_bus.h:1097:22:LL_APB1_GRP2_ForceReset	16	static
../Drivers/STM32WBxx_HAL_Driver/Inc/stm32wbxx_ll_bus.h:1125:22:LL_APB1_GRP1_ReleaseReset	16	static
../Drivers/STM32WBxx_HAL_Driver/Inc/stm32wbxx_ll_bus.h:1141:22:LL_APB1_GRP2_ReleaseReset	16	static
../Drivers/STM32WBxx_HAL_Driver/Inc/stm32wbxx_ll_bus.h:1354:22:LL_APB2_GRP1_ForceReset	16	static
../Drivers/STM32WBxx_HAL_Driver/Inc/stm32wbxx_ll_bus.h:1380:22:LL_APB2_GRP1_ReleaseReset	16	static
../Drivers/STM32WBxx_HAL_Driver/Inc/stm32wbxx_ll_bus.h:1454:22:LL_APB3_GRP1_ForceReset	16	static
../Drivers/STM32WBxx_HAL_Driver/Inc/stm32wbxx_ll_bus.h:1466:22:LL_APB3_GRP1_ReleaseReset	16	static
../Drivers/STM32WBxx_HAL_Driver/Inc/stm32wbxx_ll_system.h:504:22:LL_SYSCFG_EnableAnalogBooster	4	static
../Drivers/STM32WBxx_HAL_Driver/Inc/stm32wbxx_ll_system.h:523:22:LL_SYSCFG_DisableAnalogBooster	4	static
../Drivers/STM32WBxx_HAL_Driver/Inc/stm32wbxx_ll_system.h:853:22:LL_SYSCFG_EnableSRAM2Erase	4	static
../Drivers/STM32WBxx_HAL_Driver/Inc/stm32wbxx_ll_system.h:875:22:LL_SYSCFG_DisableSRAMFetch	4	static
../Drivers/STM32WBxx_HAL_Driver/Inc/stm32wbxx_ll_system.h:885:26:LL_SYSCFG_IsEnabledSRAMFetch	4	static
../Drivers/STM32WBxx_HAL_Driver/Inc/stm32wbxx_ll_system.h:1051:22:LL_SYSCFG_UnlockSRAM2WRP	4	static
../Drivers/STM32WBxx_HAL_Driver/Inc/stm32wbxx_ll_system.h:1455:22:LL_SYSCFG_EnableSecurityAccess	16	static
../Drivers/STM32WBxx_HAL_Driver/Inc/stm32wbxx_ll_system.h:1473:22:LL_SYSCFG_DisableSecurityAccess	16	static
../Drivers/STM32WBxx_HAL_Driver/Inc/stm32wbxx_ll_system.h:1491:26:LL_SYSCFG_IsEnabledSecurityAccess	16	static
../Drivers/STM32WBxx_HAL_Driver/Inc/stm32wbxx_ll_system.h:1513:26:LL_DBGMCU_GetDeviceID	4	static
../Drivers/STM32WBxx_HAL_Driver/Inc/stm32wbxx_ll_system.h:1524:26:LL_DBGMCU_GetRevisionID	4	static
../Drivers/STM32WBxx_HAL_Driver/Inc/stm32wbxx_ll_system.h:1534:22:LL_DBGMCU_EnableDBGSleepMode	4	static
../Drivers/STM32WBxx_HAL_Driver/Inc/stm32wbxx_ll_system.h:1544:22:LL_DBGMCU_DisableDBGSleepMode	4	static
../Drivers/STM32WBxx_HAL_Driver/Inc/stm32wbxx_ll_system.h:1554:22:LL_DBGMCU_EnableDBGStopMode	4	static
../Drivers/STM32WBxx_HAL_Driver/Inc/stm32wbxx_ll_system.h:1564:22:LL_DBGMCU_DisableDBGStopMode	4	static
../Drivers/STM32WBxx_HAL_Driver/Inc/stm32wbxx_ll_system.h:1574:22:LL_DBGMCU_EnableDBGStandbyMode	4	static
../Drivers/STM32WBxx_HAL_Driver/Inc/stm32wbxx_ll_system.h:1584:22:LL_DBGMCU_DisableDBGStandbyMode	4	static
../Drivers/STM32WBxx_HAL_Driver/Src/stm32wbxx_hal.c:144:19:HAL_Init	16	static
../Drivers/STM32WBxx_HAL_Driver/Src/stm32wbxx_hal.c:187:19:HAL_DeInit	8	static
../Drivers/STM32WBxx_HAL_Driver/Src/stm32wbxx_hal.c:219:13:HAL_MspInit	4	static
../Drivers/STM32WBxx_HAL_Driver/Src/stm32wbxx_hal.c:230:13:HAL_MspDeInit	4	static
../Drivers/STM32WBxx_HAL_Driver/Src/stm32wbxx_hal.c:253:26:HAL_InitTick	24	static
../Drivers/STM32WBxx_HAL_Driver/Src/stm32wbxx_hal.c:323:13:HAL_IncTick	4	static
../Drivers/STM32WBxx_HAL_Driver/Src/stm32wbxx_hal.c:328:13:HAL_IncMicroTick	4	static
../Drivers/STM32WBxx_HAL_Driver/Src/stm32wbxx_hal.c:340:17:HAL_GetTick	4	static
../Drivers/STM32WBxx_HAL_Driver/Src/stm32wbxx_hal.c:344:17:HAL_GetMicroTick	4	static
../Drivers/STM32WBxx_HAL_Driver/Src/stm32wbxx_hal.c:353:10:HAL_GetTickPrio	4	static
../Drivers/STM32WBxx_HAL_Driver/Src/stm32wbxx_hal.c:362:19:HAL_SetTickFreq	24	static
../Drivers/STM32WBxx_HAL_Driver/Src/stm32wbxx_hal.c:395:21:HAL_GetTickFreq	4	static
../Drivers/STM32WBxx_HAL_Driver/Src/stm32wbxx_hal.c:411:13:HAL_Delay	24	static
../Drivers/STM32WBxx_HAL_Driver/Src/stm32wbxx_hal.c:426:13:HAL_DelayMicro	24	static
../Drivers/STM32WBxx_HAL_Driver/Src/stm32wbxx_hal.c:447:13:HAL_SuspendTick	4	static
../Drivers/STM32WBxx_HAL_Driver/Src/stm32wbxx_hal.c:463:13:HAL_ResumeTick	4	static
../Drivers/STM32WBxx_HAL_Driver/Src/stm32wbxx_hal.c:473:10:HAL_GetHalVersion	4	static
../Drivers/STM32WBxx_HAL_Driver/Src/stm32wbxx_hal.c:482:10:HAL_GetREVID	8	static
../Drivers/STM32WBxx_HAL_Driver/Src/stm32wbxx_hal.c:491:10:HAL_GetDEVID	8	static
../Drivers/STM32WBxx_HAL_Driver/Src/stm32wbxx_hal.c:500:10:HAL_GetUIDw0	4	static
../Drivers/STM32WBxx_HAL_Driver/Src/stm32wbxx_hal.c:509:10:HAL_GetUIDw1	4	static
../Drivers/STM32WBxx_HAL_Driver/Src/stm32wbxx_hal.c:518:10:HAL_GetUIDw2	4	static
../Drivers/STM32WBxx_HAL_Driver/Src/stm32wbxx_hal.c:547:6:HAL_DBGMCU_EnableDBGSleepMode	8	static
../Drivers/STM32WBxx_HAL_Driver/Src/stm32wbxx_hal.c:556:6:HAL_DBGMCU_DisableDBGSleepMode	8	static
../Drivers/STM32WBxx_HAL_Driver/Src/stm32wbxx_hal.c:565:6:HAL_DBGMCU_EnableDBGStopMode	8	static
../Drivers/STM32WBxx_HAL_Driver/Src/stm32wbxx_hal.c:574:6:HAL_DBGMCU_DisableDBGStopMode	8	static
../Drivers/STM32WBxx_HAL_Driver/Src/stm32wbxx_hal.c:583:6:HAL_DBGMCU_EnableDBGStandbyMode	8	static
../Drivers/STM32WBxx_HAL_Driver/Src/stm32wbxx_hal.c:592:6:HAL_DBGMCU_DisableDBGStandbyMode	8	static
../Drivers/STM32WBxx_HAL_Driver/Src/stm32wbxx_hal.c:627:6:HAL_SYSCFG_SRAM2Erase	8	static
../Drivers/STM32WBxx_HAL_Driver/Src/stm32wbxx_hal.c:641:6:HAL_SYSCFG_DisableSRAMFetch	8	static
../Drivers/STM32WBxx_HAL_Driver/Src/stm32wbxx_hal.c:650:10:HAL_SYSCFG_IsEnabledSRAMFetch	8	static
../Drivers/STM32WBxx_HAL_Driver/Src/stm32wbxx_hal.c:770:6:HAL_SYSCFG_EnableIOBooster	8	static
../Drivers/STM32WBxx_HAL_Driver/Src/stm32wbxx_hal.c:780:6:HAL_SYSCFG_DisableIOBooster	8	static
../Drivers/STM32WBxx_HAL_Driver/Src/stm32wbxx_hal.c:819:6:HAL_SYSCFG_EnableSecurityAccess	16	static
../Drivers/STM32WBxx_HAL_Driver/Src/stm32wbxx_hal.c:839:6:HAL_SYSCFG_DisableSecurityAccess	16	static
../Drivers/STM32WBxx_HAL_Driver/Src/stm32wbxx_hal.c:856:10:HAL_SYSCFG_IsEnabledSecurityAccess	16	static
